[    3414ms] [ERROR] Failed to load resource: net::ERR_CERT_AUTHORITY_INVALID @ https://visor.sberbank.ru/get:0
[   10210ms] [WARNING] The resource https://id.sber.ru/sdk/web/assets/SBSansUI-Regular.woff2 was preloaded using link preload but not used within a few seconds from the window's load event. Please make sure it has an appropriate `as` value and it is preloaded intentionally. @ https://2gis.ru/krasnodar/search/%D0%91%D0%B0%D1%80%D0%B1%D0%B5%D1%80%D1%88%D0%BE%D0%BF%D1%8B/rubricId/110998:0
[   11023ms] [WARNING] [WebGL] Generating mipmaps for texture after subImage update @ https://d-assets.2gis.ru/rarity-3d.94c5df70771ab4f81e1f.js:0
[   11027ms] [WARNING] [WebGL] Generating mipmaps for texture after subImage update @ https://d-assets.2gis.ru/rarity-3d.94c5df70771ab4f81e1f.js:0
[   11030ms] [WARNING] [WebGL] Generating mipmaps for texture after subImage update @ https://d-assets.2gis.ru/rarity-3d.94c5df70771ab4f81e1f.js:0
[   11044ms] [ERROR] Failed to load resource: net::ERR_CERT_AUTHORITY_INVALID @ https://kraken-mdt.rambler.ru/cnt/v2/:0
[   11129ms] [WARNING] performance warning: READ-usage buffer was written, then fenced, but written again before being read back. This discarded the shadow copy that was created to accelerate readback. @ https://d-assets.2gis.ru/rarity-3d.94c5df70771ab4f81e1f.js:0
[   13248ms] [ERROR] Failed to load resource: net::ERR_CERT_AUTHORITY_INVALID @ https://kraken-mdt.rambler.ru/cnt/v2/:0
[   15179ms] [ERROR] Failed to load resource: net::ERR_CERT_AUTHORITY_INVALID @ https://kraken-mdt.rambler.ru/cnt/v2/:0
[   15336ms] [WARNING] performance warning: READ-usage buffer was written, then fenced, but written again before being read back. This discarded the shadow copy that was created to accelerate readback. @ https://d-assets.2gis.ru/rarity-3d.94c5df70771ab4f81e1f.js:0
[   15951ms] [WARNING] The powerPreference option is currently ignored when calling requestAdapter() on Windows. See https://crbug.com/369219127 @ https://d-assets.2gis.ru/rarity-3d.94c5df70771ab4f81e1f.js:0
[   16066ms] [ERROR] Failed to load resource: net::ERR_CERT_AUTHORITY_INVALID @ https://kraken-mdt.rambler.ru/cnt/v2/:0
[   17180ms] [ERROR] Failed to load resource: net::ERR_CERT_AUTHORITY_INVALID @ https://kraken-mdt.rambler.ru/cnt/v2/:0
[   18509ms] [ERROR] Failed to load resource: net::ERR_CERT_AUTHORITY_INVALID @ https://kraken-mdt.rambler.ru/cnt/v2/:0
[   20095ms] [ERROR] Failed to load resource: net::ERR_CERT_AUTHORITY_INVALID @ https://kraken-mdt.rambler.ru/cnt/v2/:0
[   24842ms] [WARNING] The resource https://id.sber.ru/sdk/web/assets/SBSansUI-Regular.woff2 was preloaded using link preload but not used within a few seconds from the window's load event. Please make sure it has an appropriate `as` value and it is preloaded intentionally. @ https://2gis.ru/krasnodar/search/%D0%91%D0%B0%D1%80%D0%B1%D0%B5%D1%80%D1%88%D0%BE%D0%BF%D1%8B/rubricId/110998:0
[   36679ms] [WARNING] The resource https://id.sber.ru/sdk/web/assets/SBSansUI-Regular.woff2 was preloaded using link preload but not used within a few seconds from the window's load event. Please make sure it has an appropriate `as` value and it is preloaded intentionally. @ https://2gis.ru/krasnodar/search/%D0%91%D0%B0%D1%80%D0%B1%D0%B5%D1%80%D1%88%D0%BE%D0%BF%D1%8B/rubricId/110998:0
[   82717ms] [WARNING] The resource https://id.sber.ru/sdk/web/assets/SBSansUI-Regular.woff2 was preloaded using link preload but not used within a few seconds from the window's load event. Please make sure it has an appropriate `as` value and it is preloaded intentionally. @ https://2gis.ru/krasnodar/search/%D0%91%D0%B0%D1%80%D0%B1%D0%B5%D1%80%D1%88%D0%BE%D0%BF%D1%8B/rubricId/110998:0
[  138757ms] [WARNING] The resource https://id.sber.ru/sdk/web/assets/SBSansUI-Regular.woff2 was preloaded using link preload but not used within a few seconds from the window's load event. Please make sure it has an appropriate `as` value and it is preloaded intentionally. @ https://2gis.ru/krasnodar/search/%D0%91%D0%B0%D1%80%D0%B1%D0%B5%D1%80%D1%88%D0%BE%D0%BF%D1%8B/rubricId/110998:0
[  196667ms] [WARNING] The resource https://id.sber.ru/sdk/web/assets/SBSansUI-Regular.woff2 was preloaded using link preload but not used within a few seconds from the window's load event. Please make sure it has an appropriate `as` value and it is preloaded intentionally. @ https://2gis.ru/krasnodar/search/%D0%91%D0%B0%D1%80%D0%B1%D0%B5%D1%80%D1%88%D0%BE%D0%BF%D1%8B/rubricId/110998:0
[  258846ms] [WARNING] The resource https://id.sber.ru/sdk/web/assets/SBSansUI-Regular.woff2 was preloaded using link preload but not used within a few seconds from the window's load event. Please make sure it has an appropriate `as` value and it is preloaded intentionally. @ https://2gis.ru/krasnodar/search/%D0%91%D0%B0%D1%80%D0%B1%D0%B5%D1%80%D1%88%D0%BE%D0%BF%D1%8B/rubricId/110998:0
[  262888ms] [WARNING] The resource https://id.sber.ru/sdk/web/assets/SBSansUI-Regular.woff2 was preloaded using link preload but not used within a few seconds from the window's load event. Please make sure it has an appropriate `as` value and it is preloaded intentionally. @ https://2gis.ru/krasnodar/search/%D0%91%D0%B0%D1%80%D0%B1%D0%B5%D1%80%D1%88%D0%BE%D0%BF%D1%8B/rubricId/110998:0
[  317663ms] [WARNING] The resource https://id.sber.ru/sdk/web/assets/SBSansUI-Regular.woff2 was preloaded using link preload but not used within a few seconds from the window's load event. Please make sure it has an appropriate `as` value and it is preloaded intentionally. @ https://2gis.ru/krasnodar/search/%D0%91%D0%B0%D1%80%D0%B1%D0%B5%D1%80%D1%88%D0%BE%D0%BF%D1%8B/rubricId/110998:0
