[   19396ms] [INFO] %cDownload the React DevTools for a better development experience: https://react.dev/link/react-devtools font-weight:bold @ http://localhost:3000/_next/static/chunks/node_modules_next_dist_1e8vcs8._.js:776
[   21996ms] [LOG] [HMR] connected @ http://localhost:3000/_next/static/chunks/node_modules_next_dist_1e8vcs8._.js:776
[   23874ms] [LOG] [Fast Refresh] rebuilding @ http://localhost:3000/_next/static/chunks/node_modules_next_dist_1e8vcs8._.js:776
[   23894ms] [LOG] [Fast Refresh] done in 122ms @ http://localhost:3000/_next/static/chunks/node_modules_next_dist_1e8vcs8._.js:776
[   25691ms] [ERROR] Access to XMLHttpRequest at 'https://translate-pa.googleapis.com/v1/translateHtml' from origin 'http://localhost:3000' has been blocked by CORS policy: No 'Access-Control-Allow-Origin' header is present on the requested resource. @ http://localhost:3000/:0
[   25704ms] [ERROR] Failed to load resource: net::ERR_FAILED @ https://translate-pa.googleapis.com/v1/translateHtml:0
[   25741ms] Error: La
    at Ti.eval [as j] (eval at xhr.onreadystatechange (:437:9), <anonymous>:477:358)
    at Vi (eval at xhr.onreadystatechange (:437:9), <anonymous>:196:40)
    at Xi.throw (eval at xhr.onreadystatechange (:437:9), <anonymous>:197:336)
    at c (eval at xhr.onreadystatechange (:437:9), <anonymous>:198:75)
[   44016ms] [ERROR] Failed to load resource: the server responded with a status of 404 (Not Found) @ http://localhost:3000/_next/image?url=https%3A%2F%2Fimages.unsplash.com%2Fphoto-1548690312-e3b507d8c111%3Fq%3D80%26w%3D800%26auto%3Dformat%26fit%3Dcrop&w=640&q=75:0
[   49044ms] [INFO] %cDownload the React DevTools for a better development experience: https://react.dev/link/react-devtools font-weight:bold @ http://localhost:3000/_next/static/chunks/node_modules_next_dist_1e8vcs8._.js:776
[   49118ms] [LOG] [HMR] connected @ http://localhost:3000/_next/static/chunks/node_modules_next_dist_1e8vcs8._.js:776
[   49915ms] [ERROR] Failed to load resource: the server responded with a status of 404 (Not Found) @ http://localhost:3000/_next/image?url=https%3A%2F%2Fimages.unsplash.com%2Fphoto-1548690312-e3b507d8c111%3Fq%3D80%26w%3D800%26auto%3Dformat%26fit%3Dcrop&w=384&q=75:0
[   49925ms] [WARNING] Image with src "https://images.unsplash.com/photo-1517836357463-d25dfeac3438?q=80&w=800&auto=format&fit=crop" was detected as the Largest Contentful Paint (LCP). Please add the `loading="eager"` property if this image is above the fold.
Read more: https://nextjs.org/docs/app/api-reference/components/image#loading @ http://localhost:3000/_next/static/chunks/node_modules_next_dist_1e8vcs8._.js:776
[   49937ms] [WARNING] Image with src "https://images.unsplash.com/photo-1548690312-e3b507d8c110?q=80&w=800&auto=format&fit=crop" was detected as the Largest Contentful Paint (LCP). Please add the `loading="eager"` property if this image is above the fold.
Read more: https://nextjs.org/docs/app/api-reference/components/image#loading @ http://localhost:3000/_next/static/chunks/node_modules_next_dist_1e8vcs8._.js:776
[   76666ms] [LOG] [Fast Refresh] rebuilding @ http://localhost:3000/_next/static/chunks/node_modules_next_dist_1e8vcs8._.js:776
[   76716ms] [LOG] [Fast Refresh] done in 52ms @ http://localhost:3000/_next/static/chunks/node_modules_next_dist_1e8vcs8._.js:776
