[    1275ms] [INFO] %cDownload the React DevTools for a better development experience: https://react.dev/link/react-devtools font-weight:bold @ http://localhost:3131/_next/static/chunks/node_modules_next_dist_1e8vcs8._.js:776
[    2096ms] [LOG] [HMR] connected @ http://localhost:3131/_next/static/chunks/node_modules_next_dist_1e8vcs8._.js:776
[    2410ms] [ERROR] Failed to load resource: the server responded with a status of 404 (Not Found) @ http://localhost:3131/favicon.ico:0
[    2454ms] [LOG] [Fast Refresh] rebuilding @ http://localhost:3131/_next/static/chunks/node_modules_next_dist_1e8vcs8._.js:776
[    3914ms] [LOG] [Fast Refresh] done in 1583ms @ http://localhost:3131/_next/static/chunks/node_modules_next_dist_1e8vcs8._.js:776
[    4144ms] [WARNING] THREE.Clock: This module has been deprecated. Please use THREE.Timer instead. @ http://localhost:3131/_next/static/chunks/node_modules_next_dist_1e8vcs8._.js:776
[    7077ms] [WARNING] THREE.WebGLProgram: Program Info Log: (210,81-129): warning X4122: sum of 0.996094 and -2.98545e-017 cannot be represented accurately in double precision
(209,37-61): warning X4122: sum of 1 and -1.49272e-017 cannot be represented accurately in double precision
(210,82-106): warning X4122: sum of 1 and -1.49272e-017 cannot be represented accurately in double precision
(209,37-61): warning X4122: sum of 1 and -1.66644e-018 cannot be represented accurately in double precision
(210,82-106): warning X4122: sum of 1 and -1.66644e-018 cannot be represented accurately in double precision @ http://localhost:3131/_next/static/chunks/node_modules_next_dist_1e8vcs8._.js:776
[    9154ms] [LOG] [Fast Refresh] rebuilding @ http://localhost:3131/_next/static/chunks/node_modules_next_dist_1e8vcs8._.js:776
[    9155ms] [LOG] [Fast Refresh] done in 124ms @ http://localhost:3131/_next/static/chunks/node_modules_next_dist_1e8vcs8._.js:776
[    9414ms] [LOG] [Fast Refresh] rebuilding @ http://localhost:3131/_next/static/chunks/node_modules_next_dist_1e8vcs8._.js:776
[    9458ms] [LOG] [Fast Refresh] done in 152ms @ http://localhost:3131/_next/static/chunks/node_modules_next_dist_1e8vcs8._.js:776
[   73600ms] [LOG] [Fast Refresh] rebuilding @ http://localhost:3131/_next/static/chunks/node_modules_next_dist_1e8vcs8._.js:776
[   74014ms] [LOG] [Fast Refresh] done in 232ms @ http://localhost:3131/_next/static/chunks/node_modules_next_dist_1e8vcs8._.js:776
[   74432ms] [LOG] [Fast Refresh] rebuilding @ http://localhost:3131/_next/static/chunks/node_modules_next_dist_1e8vcs8._.js:776
[   75711ms] [LOG] [Fast Refresh] done in 1373ms @ http://localhost:3131/_next/static/chunks/node_modules_next_dist_1e8vcs8._.js:776
[   76287ms] [LOG] [Fast Refresh] done in 1373ms @ http://localhost:3131/_next/static/chunks/node_modules_next_dist_1e8vcs8._.js:776
[   76618ms] [LOG] [Fast Refresh] done in 1373ms @ http://localhost:3131/_next/static/chunks/node_modules_next_dist_1e8vcs8._.js:776
[   76944ms] [LOG] [Fast Refresh] done in 1373ms @ http://localhost:3131/_next/static/chunks/node_modules_next_dist_1e8vcs8._.js:776
